2026-05-04 21:52:46,075 - INFO - Test log
2026-05-04 22:02:22,480 - INFO - Test log
2026-05-04 22:02:58,719 - INFO - Test log
2026-05-04 22:04:36,287 - INFO - Test log
2026-05-04 22:05:09,140 - INFO - Test log
2026-05-04 22:06:23,880 - INFO - Test log
2026-05-04 22:06:39,002 - INFO - Test log
2026-05-04 22:07:28,531 - INFO - Logging initialised successfully
2026-05-04 22:07:28,531 - INFO - hello
2026-05-04 22:10:01,921 - INFO - Logging initialised successfully
2026-05-04 22:10:01,921 - INFO - Will start data extraction...
2026-05-04 22:10:02,028 - INFO - Sales loaded: 421570 rows
2026-05-04 22:10:02,029 - INFO - Stores loaded: 45 rows
2026-05-04 22:10:02,036 - INFO - Features loaded: 8190 rows
2026-05-04 22:10:02,036 - INFO - Extraction complete!!
2026-05-04 22:17:57,804 - INFO - Logging initialised successfully
2026-05-04 22:17:57,804 - INFO - Will start data extraction...
2026-05-04 22:17:57,925 - INFO - Sales loaded: 421570 rows
2026-05-04 22:17:57,927 - INFO - Stores loaded: 45 rows
2026-05-04 22:17:57,934 - INFO - Features loaded: 8190 rows
2026-05-04 22:17:57,934 - INFO - Extraction complete!!
2026-05-04 22:17:57,956 - INFO - Data merged successfully!!
2026-05-04 22:26:33,507 - INFO - Logging initialised successfully
2026-05-04 22:26:33,507 - INFO - Will start data extraction...
2026-05-04 22:26:33,618 - INFO - Sales loaded: 421570 rows
2026-05-04 22:26:33,619 - INFO - Stores loaded: 45 rows
2026-05-04 22:26:33,626 - INFO - Features loaded: 8190 rows
2026-05-04 22:26:33,626 - INFO - Extraction complete!!
2026-05-04 22:26:33,650 - INFO - Data merged successfully!!
2026-05-04 22:27:00,738 - INFO - Logging initialised successfully
2026-05-04 22:27:00,738 - INFO - Will start data extraction...
2026-05-04 22:27:00,847 - INFO - Sales loaded: 421570 rows
2026-05-04 22:27:00,847 - INFO - Stores loaded: 45 rows
2026-05-04 22:27:00,854 - INFO - Features loaded: 8190 rows
2026-05-04 22:27:00,854 - INFO - Extraction complete!!
2026-05-04 22:27:00,872 - INFO - Data merged successfully!!
2026-05-04 22:27:00,873 - INFO - Data astype complete!!
2026-05-04 22:27:57,581 - INFO - Logging initialised successfully
2026-05-04 22:27:57,581 - INFO - Will start data extraction...
2026-05-04 22:27:57,693 - INFO - Sales loaded: 421570 rows
2026-05-04 22:27:57,694 - INFO - Stores loaded: 45 rows
2026-05-04 22:27:57,700 - INFO - Features loaded: 8190 rows
2026-05-04 22:27:57,700 - INFO - Extraction complete!!
2026-05-04 22:27:57,717 - INFO - Data merged successfully!!
2026-05-04 22:27:57,717 - INFO - Data astype complete!!
2026-05-04 22:30:30,392 - INFO - Logging initialised successfully
2026-05-04 22:30:30,392 - INFO - Will start data extraction...
2026-05-04 22:30:30,504 - INFO - Sales loaded: 421570 rows
2026-05-04 22:30:30,505 - INFO - Stores loaded: 45 rows
2026-05-04 22:30:30,513 - INFO - Features loaded: 8190 rows
2026-05-04 22:30:30,513 - INFO - Extraction complete!!
2026-05-04 22:30:30,539 - INFO - Data merged successfully!!
2026-05-04 22:31:05,211 - INFO - Logging initialised successfully
2026-05-04 22:31:05,211 - INFO - Will start data extraction...
2026-05-04 22:31:05,320 - INFO - Sales loaded: 421570 rows
2026-05-04 22:31:05,321 - INFO - Stores loaded: 45 rows
2026-05-04 22:31:05,327 - INFO - Features loaded: 8190 rows
2026-05-04 22:31:05,327 - INFO - Extraction complete!!
2026-05-04 22:31:05,344 - INFO - Data merged successfully!!
2026-05-04 22:31:05,345 - INFO - Data astype complete!!
